To honour the JVM settings for this build a single-use Daemon process will be forked. For more on this, please refer to https://docs.gradle.org/8.9/userguide/gradle_daemon.html#sec:disabling_the_daemon in the Gradle documentation.
Daemon will be stopped at the end of the build 
WARNING: We recommend using a newer Android Gradle plugin to use compileSdk = 35

This Android Gradle plugin (8.2.0) was tested up to compileSdk = 34.

You are strongly encouraged to update your project to use a newer
Android Gradle plugin that has been tested with compileSdk = 35.

If you are already using the latest version of the Android Gradle plugin,
you may need to wait until a newer version with support for compileSdk = 35 is available.

To suppress this warning, add/update
    android.suppressUnsupportedCompileSdk=35
to this project's gradle.properties.
> Task :app:preBuild UP-TO-DATE
> Task :app:preDefaultDebugBuild UP-TO-DATE
> Task :app:mergeDefaultDebugNativeDebugMetadata NO-SOURCE
> Task :app:generateDefaultDebugBuildConfig UP-TO-DATE
> Task :app:javaPreCompileDefaultDebug UP-TO-DATE
> Task :app:checkDefaultDebugAarMetadata UP-TO-DATE
> Task :app:generateDefaultDebugResValues UP-TO-DATE
> Task :app:mapDefaultDebugSourceSetPaths UP-TO-DATE
> Task :app:generateDefaultDebugResources UP-TO-DATE
> Task :app:mergeDefaultDebugResources UP-TO-DATE
> Task :app:packageDefaultDebugResources UP-TO-DATE
> Task :app:parseDefaultDebugLocalResources UP-TO-DATE
> Task :app:createDefaultDebugCompatibleScreenManifests UP-TO-DATE
> Task :app:extractDeepLinksDefaultDebug UP-TO-DATE
> Task :app:processDefaultDebugMainManifest UP-TO-DATE
> Task :app:processDefaultDebugManifest UP-TO-DATE
> Task :app:processDefaultDebugManifestForPackage UP-TO-DATE
> Task :app:processDefaultDebugResources UP-TO-DATE

> Task :app:compileDefaultDebugJavaWithJavac FAILED
D:\mern-nextjs-comeback\apk-recovery\reconstructed\snake-engine\app\src\main\java\com\snake\helper\DaemonService.java:35: error: non-static method setupNotificationChannel(Context,String,String,String) cannot be referenced from a static context
            setupNotificationChannel(this, INNER_CHANNEL_ID, "Snake Engine Inner", 
            ^
D:\mern-nextjs-comeback\apk-recovery\reconstructed\snake-engine\app\src\main\java\com\snake\helper\DaemonService.java:38: error: non-static method createNotification(Context,String,String,String) cannot be referenced from a static context
            Notification notification = createNotification(this, INNER_CHANNEL_ID, 
                                        ^
Note: D:\mern-nextjs-comeback\apk-recovery\reconstructed\snake-engine\app\src\main\java\com\snake\helper\DaemonService.java uses or overrides a deprecated API.
Note: Recompile with -Xlint:deprecation for details.
2 errors

FAILURE: Build failed with an exception.

* What went wrong:
Execution failed for task ':app:compileDefaultDebugJavaWithJavac'.
> Compilation failed; see the compiler error output for details.

* Try:
> Run with --info option to get more log output.
> Run with --scan to get full insights.

Deprecated Gradle features were used in this build, making it incompatible with Gradle 9.0.

You can use '--warning-mode all' to show the individual deprecation warnings and determine if they come from your own scripts or plugins.

For more on this, please refer to https://docs.gradle.org/8.9/userguide/command_line_interface.html#sec:command_line_warnings in the Gradle documentation.

BUILD FAILED in 18s
15 actionable tasks: 1 executed, 14 up-to-date
